// Jest Snapshot v1, https://goo.gl/fbAQLP

exports[`Render a div 1`] = `
<footer
  className="footer"
>
  <div
    className="mui-container mui--text-center"
  >
    Made with â™¥ by 
    <a
      className="footer__link"
      href="https://www.pycolors.com"
    >
      Py Colors
    </a>
    <br />
     
    <br />
  </div>
</footer>
`;
