// Jest Snapshot v1, https://goo.gl/fbAQLP

exports[`Render a div 1`] = `
<Appbar
  className="app-bar"
>
  <header
    className="mui-appbar mui--z1"
  >
    <div
      className="mui-container"
    >
      <table>
        <tbody>
          <tr
            className="mui--appbar-height"
          >
            <td
              className="mui--text-title"
            >
              <a
                href="https://www.macmillan.org.uk/"
                target="_blank"
              >
                <img
                  alt="macmillan"
                  className="app-bar__brand-logo"
                  src="images/macmillan-logo.jpg"
                />
              </a>
            </td>
            <td
              className="mui--text-right"
            >
              <ul
                className="mui-list--inline mui--text-body2"
              >
                <li>
                  <a
                    className="app-bar__link"
                    href="https://github.com/PyColors/latest-donations-for-charity"
                    target="_blank"
                  >
                    Project on GitHub
                  </a>
                </li>
                <li>
                  <img
                    alt="Build Status"
                    className="app-bar__img-build-travis"
                    src="https://travis-ci.org/PyColors/latest-donations-for-charity.svg?branch=master"
                  />
                </li>
              </ul>
            </td>
          </tr>
        </tbody>
      </table>
    </div>
  </header>
</Appbar>
`;
