// Jest Snapshot v1, https://goo.gl/fbAQLP

exports[`Render a main 1`] = `
<main>
  Hello Jest!
</main>
`;
